output/debug/test_2.txt
output/debug/test_3.txt
output/debug/test_1.txt
output/debug/test_0.txt
Removed no burn in
